assets/adi-registration.properties
assets/archive/old-industrial/industrial-attempt-1/01_industrial_background_dark.jpg
assets/archive/old-industrial/industrial-attempt-1/02_industrial_background_light.jpg
assets/archive/old-industrial/industrial-attempt-1/03_logo_badge_octagon.png
assets/archive/old-industrial/industrial-attempt-1/03_logo_combined.png
assets/archive/old-industrial/industrial-attempt-1/04_hammer_wrench_emblem.png
assets/archive/old-industrial/industrial-attempt-1/05_panel_large_dark.png
assets/archive/old-industrial/industrial-attempt-1/06_dashboard_tile.png
assets/archive/old-industrial/industrial-attempt-1/07_button_primary_orange.png
assets/archive/old-industrial/industrial-attempt-1/08_tab_active.png
assets/archive/old-industrial/industrial-attempt-1/09_tab_inactive.png
assets/archive/old-industrial/industrial-attempt-1/10_hex_bolts_pack.png
assets/archive/tbv-originals/tbv_background_dark_v1.jpg
assets/archive/tbv-originals/tbv_master_logo_dark_archived.png
assets/archive/tbv-originals/tbv_master_logo_dark_v1.png
assets/fonts/SpaceMono-Regular.ttf
assets/tbv-master/Archive/01_Style_Bible.txt
assets/tbv-master/Archive/02_Asset_Naming_Guide.txt
assets/tbv-master/Archive/03_Emergent_Phase01_Instructions.txt
assets/tbv-v3/light-steel/bg.png
assets/tbv-v3/light-steel/btn_primary.png
assets/tbv-v3/light-steel/header.png
assets/tbv-v3/light-steel/input.png
assets/tbv-v3/light-steel/panel.png
assets/tbv-v3/tbv_accordion_body_dark.png
assets/tbv-v3/tbv_accordion_header_dark.png
assets/tbv-v3/tbv_detail_section_dark.png
assets/tbv-v3/tbv_industrial_plate_dark.png
assets/tbv-v3/tbv_list_row_dark.png
assets/tbv-v3/tbv_modal_header_dark.png
assets/tbv-v3/tbv_modal_window_dark.png
assets/tbv-v3/tbv_quick_action_tile_dark.png
assets/tbv-v3/tbv_summary_strip_dark.png
assets/tbv-master/Branding/tbv_app_icon_dark.png
assets/tbv-master/Branding/tbv_app_icon_light.png
assets/tbv-master/Branding/tbv_brand_badge_dark.png
assets/tbv-master/Branding/tbv_brand_badge_light.png
assets/tbv-master/Branding/tbv_brand_emblem_dark.png
assets/tbv-master/Branding/tbv_logo_dark.png
assets/tbv-master/Branding/tbv_logo_light.png
assets/tbv-master/Branding/tbv_master_logo_dark.png
assets/tbv-master/Branding/tbv_master_logo_dark_v2.png
assets/tbv-master/Branding/tbv_master_logo_light.png
assets/tbv-master/Branding/tbv_wordmark_dark.png
assets/tbv-master/Branding/tbv_wordmark_light.png
assets/tbv-master/UI/Accents/tbv_accent_bar_orange.png
assets/tbv-master/UI/Accents/tbv_section_divider_dark.png
assets/tbv-master/UI/Backgrounds/tbv_background_industrial_dark.png
assets/tbv-master/UI/Controls/tbv_checkbox_dark.png
assets/tbv-master/UI/Controls/tbv_checkbox_light.png
assets/tbv-master/UI/Controls/tbv_radio_dark.png
assets/tbv-master/UI/Controls/tbv_radio_light.png
assets/tbv-master/UI/Controls/tbv_toggle_dark.png
assets/tbv-master/UI/Controls/tbv_toggle_light.png
assets/tbv-master/UI/Hardware/tbv_corner_bracket_dark.png
assets/tbv-master/UI/Hardware/tbv_hex_bolt_dark.png
assets/tbv-master/UI/Headers/tbv_header_panel_dark.png
assets/tbv-v2/Accents/tbv_accent_bar_orange.png
assets/tbv-v2/Accents/tbv_section_divider_dark.png
assets/tbv-v2/Backgrounds/tbv_background_industrial_dark.png
assets/tbv-v2/Branding/tbv_app_icon_dark.png
assets/tbv-v2/Branding/tbv_app_icon_light.png
assets/tbv-v2/Branding/tbv_brand_badge_dark.png
assets/tbv-v2/Branding/tbv_brand_badge_light.png
assets/tbv-v2/Branding/tbv_brand_emblem_dark.png
assets/tbv-v2/Branding/tbv_logo_dark.png
assets/tbv-v2/Branding/tbv_logo_light.png
assets/tbv-v2/Branding/tbv_master_logo_dark.png
assets/tbv-v2/Branding/tbv_master_logo_dark_v2.png
assets/tbv-v2/Branding/tbv_master_logo_light.png
assets/tbv-v2/Branding/tbv_wordmark_dark.png
assets/tbv-v2/Branding/tbv_wordmark_light.png
assets/tbv-v2/Buttons/tbv_btn_primary_orange.png
assets/tbv-v2/Buttons/tbv_btn_secondary_dark.png
assets/tbv-v2/Buttons/tbv_floating_action_button_orange.png
assets/tbv-v2/Cards/tbv_card_dark.png
assets/tbv-v2/Cards/tbv_card_dealer_dark.png
assets/tbv-v2/Cards/tbv_card_inventory_dark.png
assets/tbv-v2/Cards/tbv_card_stat_dark.png
assets/tbv-v2/Cards/tbv_card_warranty_dark.png
assets/tbv-v2/Hardware/tbv_corner_bracket_dark.png
assets/tbv-v2/Hardware/tbv_hex_bolt_dark.png
assets/tbv-v2/Headers/tbv_header_panel_dark.png
assets/tbv-v2/Inputs/tbv_eye_button_dark.png
assets/tbv-v2/Inputs/tbv_input_dark.png
assets/tbv-v2/Inventory/tbv_tool_placeholder_dark.png
assets/tbv-v2/Panels/tbv_login_panel_dark.png
assets/tbv-v2/Panels/tbv_login_panel_dark_v2.png
assets/tbv-v2/Panels/tbv_modal_panel_dark.png
assets/tbv-v2/Search/tbv_search_bar_dark.png
assets/tbv-v2/Tabs/tbv_tab_active_orange.png
assets/tbv-v2/Tabs/tbv_tab_inactive_dark.png
assets/tbv-v2/Textures/tbv_diamond_plate_dark.png
assets/tbv-v2/Textures/tbv_worn_gunmetal_dark.png
assets/tbv-v2/cropped/btn_primary.png
assets/tbv-v2/cropped/btn_secondary.png
assets/tbv-v2/cropped/card.png
assets/tbv-v2/cropped/eye.png
assets/tbv-v2/cropped/input.png
assets/tbv-v2/cropped/input_slim.png
assets/tbv-v2/cropped/logo.png
assets/tbv-v2/cropped/panel.png
assets/tbv-v2/cropped/tab_active.png
assets/tbv-v2/cropped/tab_inactive.png
assets/tbv-v2/cropped/wordmark.png
assets/images/app-image.png
assets/images/partial-react-logo.png
assets/images/react-logo.png
assets/images/react-logo@2x.png
assets/images/react-logo@3x.png
assets/images/splash-image.png
assets/tbv-master/Backgrounds/tbv_splash_dark.png
assets/tbv-master/Backgrounds/tbv_splash_light.png
assets/tbv-master/UI/Cards/tbv_card_dealer_dark.png
assets/tbv-master/UI/Cards/tbv_card_stat_dark.png
assets/tbv-master/UI/Cards/tbv_card_warranty_dark.png
assets/tbv-master/UI/Dashboard/tbv_stat_card_light_v2.png
assets/tbv-v2/trimmed-arctic/Branding/tbv_app_icon_dark.png
assets/tbv-v2/trimmed-arctic/Branding/tbv_app_icon_light.png
assets/tbv-v2/trimmed-arctic/Branding/tbv_brand_badge_dark.png
assets/tbv-v2/trimmed-arctic/Branding/tbv_brand_badge_light.png
assets/tbv-v2/trimmed-arctic/Branding/tbv_brand_emblem_dark.png
assets/tbv-v2/trimmed-arctic/Branding/tbv_logo_dark.png
assets/tbv-v2/trimmed-arctic/Branding/tbv_logo_light.png
assets/tbv-v2/trimmed-arctic/Branding/tbv_master_logo_dark.png
assets/tbv-v2/trimmed-arctic/Branding/tbv_master_logo_light.png
assets/tbv-v2/trimmed-arctic/Branding/tbv_master_nameplate.bak.png
assets/tbv-v2/trimmed-arctic/Branding/tbv_wordmark_dark.png
assets/tbv-v2/trimmed-arctic/Branding/tbv_wordmark_light.png
assets/tbv-v2/trimmed-arctic/Hardware/tbv_corner_bracket_dark.png
assets/tbv-v2/trimmed-arctic/Hardware/tbv_hex_bolt_dark.png
assets/tbv-v2/trimmed-arctic/Inputs/tbv_eye_button_dark.png
assets/tbv-v2/trimmed-arctic/Inputs/tbv_input_dark.png
assets/tbv-v2/trimmed-arctic/Inventory/tbv_tool_placeholder_dark.png
assets/tbv-v2/trimmed-arctic/Panels/tbv_login_panel_dark_v2.png
assets/tbv-v2/trimmed-arctic/Textures/tbv_diamond_plate_dark.png
assets/tbv-v2/trimmed-arctic/Textures/tbv_worn_gunmetal_dark.png
assets/tbv-v2/trimmed-emerald/Branding/tbv_app_icon_dark.png
assets/tbv-v2/trimmed-emerald/Branding/tbv_app_icon_light.png
assets/tbv-v2/trimmed-emerald/Branding/tbv_brand_badge_dark.png
assets/tbv-v2/trimmed-emerald/Branding/tbv_brand_badge_light.png
assets/tbv-v2/trimmed-emerald/Branding/tbv_brand_emblem_dark.png
assets/tbv-v2/trimmed-emerald/Branding/tbv_logo_dark.png
assets/tbv-v2/trimmed-emerald/Branding/tbv_logo_light.png
assets/tbv-v2/trimmed-emerald/Branding/tbv_master_logo_dark.png
assets/tbv-v2/trimmed-emerald/Branding/tbv_master_logo_light.png
assets/tbv-v2/trimmed-emerald/Branding/tbv_master_nameplate.bak.png
assets/tbv-v2/trimmed-emerald/Branding/tbv_wordmark_dark.png
assets/tbv-v2/trimmed-emerald/Branding/tbv_wordmark_light.png
assets/tbv-v2/trimmed-emerald/Hardware/tbv_corner_bracket_dark.png
assets/tbv-v2/trimmed-emerald/Hardware/tbv_hex_bolt_dark.png
assets/tbv-v2/trimmed-emerald/Inputs/tbv_eye_button_dark.png
assets/tbv-v2/trimmed-emerald/Inputs/tbv_input_dark.png
assets/tbv-v2/trimmed-emerald/Inventory/tbv_tool_placeholder_dark.png
assets/tbv-v2/trimmed-emerald/Panels/tbv_login_panel_dark_v2.png
assets/tbv-v2/trimmed-emerald/Textures/tbv_diamond_plate_dark.png
assets/tbv-v2/trimmed-emerald/Textures/tbv_worn_gunmetal_dark.png
assets/tbv-v2/trimmed-pink/Branding/tbv_app_icon_dark.png
assets/tbv-v2/trimmed-pink/Branding/tbv_app_icon_light.png
assets/tbv-v2/trimmed-pink/Branding/tbv_brand_badge_dark.png
assets/tbv-v2/trimmed-pink/Branding/tbv_brand_badge_light.png
assets/tbv-v2/trimmed-pink/Branding/tbv_brand_emblem_dark.png
assets/tbv-v2/trimmed-pink/Branding/tbv_logo_dark.png
assets/tbv-v2/trimmed-pink/Branding/tbv_logo_light.png
assets/tbv-v2/trimmed-pink/Branding/tbv_master_logo_dark.png
assets/tbv-v2/trimmed-pink/Branding/tbv_master_logo_light.png
assets/tbv-v2/trimmed-pink/Branding/tbv_wordmark_dark.png
assets/tbv-v2/trimmed-pink/Branding/tbv_wordmark_light.png
assets/tbv-v2/trimmed-pink/Hardware/tbv_corner_bracket_dark.png
assets/tbv-v2/trimmed-pink/Hardware/tbv_hex_bolt_dark.png
assets/tbv-v2/trimmed-pink/Inputs/tbv_eye_button_dark.png
assets/tbv-v2/trimmed-pink/Inputs/tbv_input_dark.png
assets/tbv-v2/trimmed-pink/Inventory/tbv_tool_placeholder_dark.png
assets/tbv-v2/trimmed-pink/Panels/tbv_login_panel_dark_v2.png
assets/tbv-v2/trimmed-pink/Textures/tbv_diamond_plate_dark.png
assets/tbv-v2/trimmed-pink/Textures/tbv_worn_gunmetal_dark.png
assets/tbv-v2/trimmed/Branding/tbv_app_icon_dark.png
assets/tbv-v2/trimmed/Branding/tbv_app_icon_light.png
assets/tbv-v2/trimmed/Branding/tbv_brand_badge_dark.png
assets/tbv-v2/trimmed/Branding/tbv_brand_badge_light.png
assets/tbv-v2/trimmed/Branding/tbv_brand_emblem_dark.png
assets/tbv-v2/trimmed/Branding/tbv_logo_dark.png
assets/tbv-v2/trimmed/Branding/tbv_logo_light.png
assets/tbv-v2/trimmed/Branding/tbv_master_logo_dark.png
assets/tbv-v2/trimmed/Branding/tbv_master_logo_light.png
assets/tbv-v2/trimmed/Branding/tbv_master_nameplate.bak.png
assets/tbv-v2/trimmed/Branding/tbv_wordmark_dark.png
assets/tbv-v2/trimmed/Branding/tbv_wordmark_light.png
assets/tbv-v2/trimmed/Hardware/tbv_corner_bracket_dark.png
assets/tbv-v2/trimmed/Hardware/tbv_hex_bolt_dark.png
assets/tbv-v2/trimmed/Inputs/tbv_eye_button_dark.png
assets/tbv-v2/trimmed/Inputs/tbv_input_dark.png
assets/tbv-v2/trimmed/Inventory/tbv_tool_placeholder_dark.png
assets/tbv-v2/trimmed/Panels/tbv_login_panel_dark_v2.png
assets/tbv-v2/trimmed/Textures/tbv_diamond_plate_dark.png
assets/tbv/slices/eye_btn_clean.png
assets/tbv/slices/footer.png
assets/tbv/slices/footer_clean.png
assets/tbv/slices/full_reference.jpg
assets/tbv/slices/full_reference_clean.jpg
assets/tbv/slices/header_clean.jpg
assets/tbv/slices/input.png
assets/tbv/slices/input_clean.png
assets/tbv/slices/logo.png
assets/tbv/slices/panel.png
assets/tbv/slices/panel_clean.png
assets/tbv/slices/pw_input_clean.png
assets/tbv/slices/signin_btn.png
assets/tbv/slices/signin_btn_clean.png
assets/tbv/slices/subtitle.png
assets/tbv/slices/tab_active.png
assets/tbv/slices/tab_active_clean.png
assets/tbv/slices/tab_inactive.png
assets/tbv/slices/tab_inactive_clean.png
assets/tbv/slices/title.png
assets/tbv/tbv_logo_dark.png
assets/tbv/tbv_logo_light.png
